// Vitest Snapshot v1, https://vitest.dev/guide/snapshot.html

exports[`expect.soft with toMatchSnapshot stops execution on failure > content-v1 1`] = `
{
  "data": "This is some content",
  "timestamp": "2025-10-07T09:16:19.273Z",
}
`;
